// Jest Snapshot v1, https://goo.gl/fbAQLP

exports[`should take a snapshot 1`] = `
<DocumentFragment>
  <div
    class="sc-bdVaJa fJUCAf"
  >
    <div
      class="transition-group"
    >
      <section
        class="route-section"
      >
        <div
          class="ui active centered loader"
        />
      </section>
    </div>
  </div>
</DocumentFragment>
`;
